<html>
<body>
<pre>
<h1>µVision Build Log</h1>
<h2>Tool Versions:</h2>
IDE-Version: ¶ÃVision V5.14.0.0
Copyright (C) 2015 ARM Ltd and ARM Germany GmbH. All rights reserved.
License Information: GHOST Ghost, Sky123.Org, LIC=ZB463-ADC79-QCIJ5-G7RD2-VPY1Y-PTZVX
 
Tool Versions:
Toolchain:       MDK-ARM Standard  Version: 5.14.0.0
Toolchain Path:  E:\Program Files\keil_v5\ARM\ARMCC\Bin
C Compiler:      Armcc.exe V5.05 update 1 (build 106)
Assembler:       Armasm.exe V5.05 update 1 (build 106)
Linker/Locator:  ArmLink.exe V5.05 update 1 (build 106)
Library Manager: ArmAr.exe V5.05 update 1 (build 106)
Hex Converter:   FromElf.exe V5.05 update 1 (build 106)
CPU DLL:         SARM.DLL V5.14.0.0
Dialog DLL:      DARMAD.DLL V1.16
Target DLL:      UL2ARM.DLL V1.74.5.0
Dialog DLL:      TARMAD.DLL V1.16
 
<h2>Project:</h2>
C:\Users\Administrator\Desktop\ µ—È “\ADF4158\ExampleCode_PLL_ADF4158\ADF4158_frequency_sweep\ADF4158.uvproj
Project File Date:  10/12/2016

<h2>Output:</h2>
Rebuild target 'Target 1'
assembling ADuC702x.s...
compiling ADF4158_IO.C...
compiling ADuC7026Driver.c...
compiling irq_arm.c...
compiling main.c...
linking...
Program Size: Code=1156 RO-data=16 RW-data=0 ZI-data=1792  
FromELF: creating hex file...
".\ADF4158.axf" - 0 Error(s), 0 Warning(s).
</pre>
</body>
</html>
