<html>
<body>
<pre>
<h1>µVision Build Log</h1>
<h2>Tool Versions:</h2>
IDE-Version: ¦ÌVision V5.18.0.0
Copyright (C) 2016 ARM Ltd and ARM Germany GmbH. All rights reserved.
License Information: li jianhan, bupt, LIC=NQQQD-8FGCX-305NC-7RX0H-WMZ3R-PT9XV
 
Tool Versions:
Toolchain:       MDK-ARM Standard  Version: 5.18
Toolchain Path:  C:\Keil_v5\ARM\ARMCC\Bin
C Compiler:      Armcc.exe V5.06 update 1 (build 61)
Assembler:       Armasm.exe V5.06 update 1 (build 61)
Linker/Locator:  ArmLink.exe V5.06 update 1 (build 61)
Library Manager: ArmAr.exe V5.06 update 1 (build 61)
Hex Converter:   FromElf.exe V5.06 update 1 (build 61)
CPU DLL:         SARM.DLL V5.18
Dialog DLL:      DARMAD.DLL V1.16
Target DLL:      UL2ARM.DLL V1.74.7.0
Dialog DLL:      TARMAD.DLL V1.16
 
<h2>Project:</h2>
F:\repository\git\24GRadar\code\ExampleCode_PLL_ADF4158\ADF4158_single_tone\ADF4158.uvproj
Project File Date:  12/28/2016

<h2>Output:</h2>
*** Using Compiler 'V5.06 update 1 (build 61)', folder: 'C:\Keil_v5\ARM\ARMCC\Bin'
Build target 'Target 1'
assembling ADuC702x.s...
compiling ADuC7026Driver.c...
compiling ADF4158_IO.C...
compiling irq_arm.c...
compiling main.c...
linking...
Program Size: Code=1076 RO-data=16 RW-data=0 ZI-data=1792  
FromELF: creating hex file...
".\ADF4158.axf" - 0 Error(s), 0 Warning(s).
Build Time Elapsed:  00:00:04
</pre>
</body>
</html>
