<html>
<body>
<pre>
<h1>µVision Build Log</h1>
<h2>Tool Versions:</h2>
IDE-Version: ¦ÌVision V5.18.0.0
Copyright (C) 2016 ARM Ltd and ARM Germany GmbH. All rights reserved.
License Information: Li jianhan, bupt, LIC=D0DRA-1SQLL-AP6ZT-RXU7M-8SH4A-56YD0
 
Tool Versions:
Toolchain:       MDK-ARM Standard  Version: 5.18
Toolchain Path:  F:\Program Files\keil\ARM\ARMCC\Bin
C Compiler:      Armcc.exe V5.06 update 1 (build 61)
Assembler:       Armasm.exe V5.06 update 1 (build 61)
Linker/Locator:  ArmLink.exe V5.06 update 1 (build 61)
Library Manager: ArmAr.exe V5.06 update 1 (build 61)
Hex Converter:   FromElf.exe V5.06 update 1 (build 61)
CPU DLL:         SARM.DLL V5.18
Dialog DLL:      DARMAD.DLL V1.16
Target DLL:      UL2ARM.DLL V1.74.7.0
Dialog DLL:      TARMAD.DLL V1.16
 
<h2>Project:</h2>
D:\items Files\RFRL\ADF4158\ExampleCode_PLL_ADF4158\ADF4158_single_tone\ADF4158.Uv2
Project File Date:  10/09/2016

<h2>Output:</h2>
*** Using Compiler 'V5.06 update 1 (build 61)', folder: 'F:\Program Files\keil\ARM\ARMCC\Bin'
Rebuild target 'Target 1'
compiling ADF4158_IO.C...
compiling ADuC7026Driver.c...
assembling ADuC702x.s...
compiling irq_arm.c...
compiling main.c...
linking...
Program Size: Code=1076 RO-data=16 RW-data=0 ZI-data=1792  
FromELF: creating hex file...
".\ADF4158.axf" - 0 Error(s), 0 Warning(s).
Build Time Elapsed:  00:00:03
</pre>
</body>
</html>
